// Jest Snapshot v1, https://goo.gl/fbAQLP

exports[`<SortBy/> should render the component 1`] = `
<div class="sort-by ml-auto">
  <b-form-select-stub options="[object Object],[object Object],[object Object],[object Object],[object Object]" valuefield="value" textfield="text" htmlfield="html" disabledfield="disabled" labelfield="label" optionsfield="options" selectsize="0"></b-form-select-stub>
</div>
`;
