// Jest Snapshot v1, https://goo.gl/fbAQLP

exports[`<register /> should render the component 1`] = `
<div class="register">
  <form-stub title="Register" buttonlabel="Register" footerlabel="Have an account? Login" footerlink="/login">
    <div>
      <b-form-input-stub value="user@app.com" placeholder="Email" debounce="0" type="email"></b-form-input-stub>
      <b-form-input-stub value="123" placeholder="Password" debounce="0" type="password"></b-form-input-stub>
      <!---->
    </div>
  </form-stub>
  <!---->
</div>
`;
